ooxoxooxxxxxxoooxoxxoxxooxxoxxoxxoxxoxxoooxooxoxoxxoxooxxoxxoxxooxoxooxxoxxoxooxoxxoxooxxoxxooxoxooxooxxoooxxxxxooxxoxoxxoxooxoooxxoxooxxoxxoooxxoxoxooooxxxxooxooxxxxooxxxxxxooxoxooxxxxooxoxxoooxoxxxxoooxooooooxooooxxxoxoooxoxooxooxooxxxxxoxoxxoxoxxoxxxxooxooxoxoooxxxooxoxooooxoxxoxxoxoxxooxooooooooxxoooxxoooxxoxxooxooxooxxoxoooooxooxxxxoxooooooxxxooxoxoxxooxoxoxoxooxoxooxoooxooooxoxxoxoxooxxxxxooxoxxxxooxoxxxooxoxxooxxxxxxxoxxooxxoooxxxoxoxoxooooxoxxxoxoxxxxxxoxoxxxxxxxxxoxxxxxxxxxoxxxxxoxxoxxx
oxoooxoxoxooxxxxxoxoxoxxxoxxxxxoxxxxoxoxxooxooooxoxooxooxxxxxxoxooxooxxooooxoxxoxooxxxoooxoooooooxxoxxxoxoxxxoxoooxxoxoxoxoooooxxxxooxoxxoxoxoxoooxxxooxxxxoxxoxxoxoooooxxoooxoooxxooxooxoooxoxoooxoxxoxoooxoooxoxooxxxxooxxooxoxoxoxooooxxxoxooxoxxoooxoxooooxxoooooooxoxoxxxoxxxooxooooooxxooooxoooooxooxxxoooxxxxoxxxooxxxxxoxoxoxxxoxoxoxxoooxxxooxxooxoxoxxoxxxxoxoxxoxxxxoxxxxooxxoooxoxoxooxoxoxxxooxooxxoooxoooxxoxoxxoxxoxoxoooooxxooxxxxooxxoxxooxxxoxoxoooxxxxoxxoxxxxxoxxxxxxoxoooooxooxooxooooxooooooox
xoxxxooooxxxooxxxoooxxxooxxxoxxxoxooxooxxoxoxoooooxoxooooxoxoxoxooxoxxooxxoooxoxooxooooxxoxxoxoxoxoooxooxooxooxooxxooxxxxoooxxooooxoxooxoxxoxoxooooooxoxoxoooxxxooxoooxooxxoxxoxxoooooxxoxxoxxxxxoxxxoooooooxxxooxoxoxooxxoxooxxoxoxooxxoxxoooooxoooxxxooxxxxooxxooxxxxxxooxoooxxooxxxxxoooooxoxoxoxxoooooxxooxxoxxoxxooxoxoxxxxxxoxooxxxooxxoxxoxoooxxoxoxooxxooxooxxoooxxxoxoxooooxoxxxxxoxxoxxoxoooxooxxxxoooxxoxoxxoxxxoxxxxxoxxoxxoxoxoxooxxoxoxooooxxoooooooooooooxooooooooxooooxoooooooooooooooxoooooooooooxo
xoxoxxxxooxoooxxxxxxxxoooooxoxoxxoxoxxxxoooxxooxxxxxooooooxxxoooxooxxoxooooxxoxxxxxxooxoxxxxxxxoxxxxoxoooxxooxxoxxxoxxooxooxoooxoxxooooxxxooxxxoooxxoxxoxxoxxooooxoxxxxxooxxooxxoxxxoxxooooxxooxxxooxxxxoooooooxoooxxxxoooxxoxoxxxoxxoxxoxxooxxoooxoxoooxoxxoxooxxoxoxxxooxoooxxoxooxxooxxooooxxooooxxxooxxoxxxxooxxxooxxoooxooxoxoxxxoooxoooooooooxxxooooxxoooxoxoxxoxooxoxoxoxoxxoooxoxoxooxooxxooooxxooxoooxxoxxoxxxoxxoxoxoooooooxxoooxooxxxooxoxxoxxooxxoxxxoxxoxoooooxooxoooooooxooxooooxooooooooxooooooooxooo
ooxxoooooxoxooxxooxooxxoxxoxoxxxoxxooxxxooxxoxoxooxoxxoxxoooxxxooxooxoxooxoxxoooxxoooxxooxxxooxoxoxxxoxooxooxoxxoxxxoxooxxooxoxoxooxxooooxoxoooxoxxxxxxoxooxxxoxxooxxooxxxxxoxoooxoxoooooxxooooooxxxxoxooxxoxxoxooxoxxoxoxxooxxxxoxxooxxooxoxxooxoxxxxoxoooxoxxooxooxooxoxoxxoooxxxxxooxxxxxxoxxoxoooxoxxoxxxooooxooxoxoooxxxxxoxxxooooxxxxoxxxoxooooxxxxxxoxoxoxxxoooxoxxxoooxxoxxxoxxxoxoxxooxxooxooxoooxooxxoooooxxxooooxoooxxxoxxooxooxxoxoxoxoxxxxxoxoxxooxooxxxxxxxxxxxxxoxxxxxxxxxxxxxxxxxxxxxxxxxxooxxoxxoxx
xxoxoxoxooooxooxxoxoxxoxoxxxooxoooooxxoxxooooooooooxxoxoxxxooooooxoxxoooxxxxoxxoxooxxxoxoxxxooxxoooxoxoxxoxoxxoxxxooooxxoxxoooxoxooxxooxoxooxoxxxooooooooxxxoxxoxoxxxoxoxxoooxoxxoxxooxxxoxxxxxoxoxoxxxoxoxxooxxxoxooxxxxoxxxooxxoooxoooxoxoxoxoxooxxxoxxxooooooxxxooxoxooxooxoxoxoxoxxxooxooxoxoxoxxooooxoxoxooxoxxooxxoooooxxoxxoxxxxoxxxoxoooxooxxxooxoxooxoooooxoxxxxoxoxoxxoxooxooxooxooxxxooooooxxxxxxxxooxooxxooxooxooxxoxxxxxoxxxoxooxoooxxxoxxoxooooxxxoxxoxoxxoooooxoxoooxoxxxxoxxxoxxxoxxxxxxoxxxxxxxxxxx
xoooxxooooooooxxxxooxooxoxxxoxoxxoxooxoxxooxxoxooxxooxxooxoooxoooxxooxxxoxxxoxoooxxooxxooxooxxoooxooxxxoxxxoxxoooooxxxxxxxoooxxxxoooooxoxoxooxxxooxxooxxoxoooxoxxoxoxoooxoxxooxoxoxooxoxoxoxoxxxoxxxxoxooxooxxoooooxxoooxxxoxoxoooxxxxxooooxxxxxoxoxoxoxooxoxoxoxoxxxxoooxoxxxooxooxxoxooxxxooxoxoxxoooxooooxoxoooxoxxxoxxxxxoooxooxoxxooooooxxoooxooooxoooxxxxxoxoxoxooxoxoxoxoooxxooxoooxooxoxxooxoooxxoxoxoxxoxxooxxoxxxooxoxoxoooooooxxoxoxxxxoxxooxoxxoxxxoxooxxxxooxxooxxoxxoooxxoxoxoxxxoxoxxoooooxoooooooooo
