oxxxxxooxxooxooxoxxxoooxoxoxoxoooxxxxoxooxooxoxxooxooxxoooxxxxxxoxooxxoxoxooxooooxooxxxooooxoxxoxxxx
ooxoxoxoooxoxxxxxxxxoxxoxooxxoxxoooxoxxxooooxxxxxoooxooxoooxxxxoooxxxxoooxxooooxooxxxxoooooxoooooooo
xxoxxoooxxoxxxooxooxoxxoxoooxoooxoxooxxoooxoxxxxoxxooxxooxooxxoxxxxxxoxoooxoxoxoxooxxxxxxxoxooooooox
xoxoxxxxoxoxxoooxoxxoxxooxxxooxxoxxoxoxoxooxxoooooxoxxoxxxoxoxoxxxoxoxxxooxoooooxoxooxoooxoxoooooxoo
oxxxxxxxxooxooxooxooooxooxoxxooxoxxooxxoxxxooooooxoooxxoxoooooooxoooxoooxooxooxxxxxxxxxxxoxxxxxxxoxx
oxooxxoooxxxoxoxoxoxoxxoxoooxxooxxxxxooooxooxxoxooxxxxxooxxxxoxooxxooxxooooxoxxoxxxxooooooxxxxxoxxxx
oooxoooxoxoxxooxxooooxxxooxooxxooooxxooxoxxxxxxxxxooxooxoxooxxooxxxxxooxoxxxoxxooxoxooxoxxxxxoxxoxxx
oxooxxoxoxooxoxxxxxoxxooxxxoxoxooxooxxooxoooxxxxoooxooxoxxxxxxoxooxoxxxoxoxoooxxoooxxxooooooooooooox
oooooxoxxoooooxoxxxooxxxxxxoxoxxxoxoxoxooxxxooxxoxooooxoxoooxxxxxxxoooxoxoxxxxoooxxoxooxooxxoxxooooo
xxoxxxoxoxxxxoooxxxoxxoooxxxoxoxxoxxxxxooxxoxxoooxxoxxooxoooooooxoxooxoxoxxoooxooxooooxoxooxxxooooox
ooxxooooxoooxoxxxoxxxxxxoooxooxoooooooxxxoxxoxooxxoxxooxoxxooooxooxxoxoxxxxxooxxxoooxoxoooxxxoxxxxxo
ooxoooxxxxooxoxoxxoxoxoooxoxxxoooxxooxxoxxooxxxoxoooxxxooxxxoxooxxooxxoxxxoooxxxooxoxoxxoxoooooxoooo
xooxoxooxxxxxxxxooooxxxoxxoxoxoxoooxoooxoooxxxoxxoxxoxoxoxooxxxoxoxxxxxoxoxxoxxoooooxoxxxooooxoooooo
oxooxxooooxxoxxoooxoooxxxoooxoooooxoxxxxxxooxoooooxoooxxxxxxoooxoxxoxoxoxoxoxxoxxooxoxoooooxxxxxxoxx
oxoxooooooxoxxxoooooooxxoxxoooxoxxoxoxxoxoxxxooxoooxxooxoxooxxxxxxoxxoxxxooooooooxoxxxxxoxxoxxoxxoox
xooxxoxooxxoxooxxxoxxxooooooxoxxxxooxxoxoxoxxoxxxooxooxxxxxxooooxooxoxoxooxxooooxooooxxooxxxxxxxxxxx
xooxxxoxoxxooxxooxooooooooxoxxoooooxoxoxxxxoooooooxxxxxooooooooxxoxooxoxoxoxooxoxxxxxoxxxxxxxxxxxxxx
xoooxxoxooxxooxoxxxoxxooxxxoxxoxxooxoxoxxoxxxoxoxooxxxxxooxooxxooxxxxxoooxooooooxxoxoxoxooxooooooooo
xxxoxoxxoxxoxxxooooxxxoxoxxxoxoxooxoxxoxxxxxooxxoooxoxxooxxooooxoxoxxoxxoxxxxxxxoooooooooooxoooxoooo
oooxxxxxoxoxooxxxxoxooooxxooxxxoxxxoooxxooooxxoooxoxoxxoxoxxxxxxxoooxoooxxxoxxxooxxoooxxooooxooooooo
xxoooxoxoxoooxxooxxooxxoxoxxooxooxxoxoxxxxxxxxoooxoxoxxxoooxoxxxxxoxoxoxooxxoxxoooooxxoooooxxxxxxxox
xooxxxxoxxoxooxxoxxoxoxxoooxooxoooxoxoooxoooooooxxoxoxoooxoxxxooxooxoxoxoxoxxoxoxxoxooxoxoxoxxoxxoxx
ooxxxoxxoxxoxxoooooxxoxxoxoooxooxxxxooxxxxxxxoxooxxxoxxxooxoxxxoooxoxxxxxxooxooxxoxxxxxoxoooxooooxoo
ooxxoxxoxxxoxoxooxxoooxxooxxooxoxoxxoxxxxoxoxxoooxooxxxoooxxoxooxxoxxxxooooxxooxoxxxxxoxoxooooxoxooo
xoooxxooooxxxooooxxxoooxxooxxxxxoxxxxooooooooooxxxxooxooxxoooxxxoxxxoxxoxoxxxoxxooxxxoxxoooooooooooo
xxxooxxoxxxxoxxxxxooooooooxxxxooxoooooxoxxoxoxxoxoxxxoxxoxooxoxxooxoxxoxoooxxoooooooooxoooxxxxxxxxxx
oooxoxxoxooxooxxxxxoxoooooooxoxxxxxooxoxxooxooxxoxxxoxoooxxoxxooxoooooooooxxooxooxoxoxxxxxxxoxooxxxx
ooxxxooxoxooxxoxoxoxoooxoxooxoxooxoxoxxxxxxxxxxoooxoxoxxoxoxxxxooxxoxoxoxxoxoooxoxxxxxooxoooooooooxo
xooxoxoxxoxxxoxooooooxoxxxxxooxooooooooxxoooxxooxooxoxooooxxxoxxxxxxooxooxxxxxooxooxxoxxxxxxxxxxxxxx
oxxooxxooxoxxoxxxxxoxoooxoxooooxxxxxooooooooxoooxxxoxoxxxooooxxooxooooxoooxoxxxxxxooooxxooooxxxxxoxx
oxooxxooxooooxoxoxxxxooxoxoxoxxoxoxooxxxxxxxooxxxoxxxooxxxxoxxxxxoxooxooooooxooxoxoooxoxoxoxxoooxxxx
oxxooxoxooxxxxxoooxxoooooxxxooxxoxxoooxooxoxoxxoooooxoxxxxooxxoxxxxoooxoxxxoxxooxooooxxoxxxxxxxxxxxx
oooxxxoxxxooooxxxxxoxxxxoxoxooxxxoxooxoxxxooxxxoooxxxoxxxoxxxooxooxxxxoooooxooooxxoooxooooooooxooooo
ooxxoxxoxooxxooooxxxooxooxxooxooxxxoxxxoxooxoxooooxoooxoxxoxxoxxxoxooxxoxxxxoooxooxoooxxooooooooxooo
xoxxxoxoxoxxoooxooxoxoxooxoxooxoxoxoxoooxxooxoxxoxxoxxoooxooooooxxooooxxoxxxxoxxoxxxoxxxxxxoxxxxxxxx
ooxoxxooxoxoxoxoxxooooxoxooooxoooxxxxoxooxoooxoxxoxxoxoxooooooxxoxxxxxoxooooxxxoxooxxoxooooxxxxxxxxx
oxoxooxxxoooooooxoxoxoooxoxxxxxoxooxooxooxxxxxooxoxoxxxooxxoxxoxoxxooxxxoooooooooxxxooxoxxoxxxxoxxxx
xooxxxoxxxxxooxxoxxxoxxooxoxxxxxoxxxoxooxxoxoooxooooxxxooxxxoooxxxooxoxxxoxoxxxxxoxooxoooooooooxooxo
xoxxxxoooooooxooxoooxoxooooooooxoxooxooxoxxoxoxooxxxoxoooxooxxoxoooxoxooxxooxxooooxxxxxxxoxxxxxxxoxx
ooxxoxxoooxooxoxooxxooxxxoxooxoxxoooxxooxoooxxxoooxoooxxoxoxooooooxxoxxxxoxoxooxoxxxoxoxxxxoxoxoooox
ooxxxoxxxxxxxoooooxxooxxoxxooxoxxoxoooxxxxxxoooxxooxoooxxooxxoxoxoxxxxooxoooxxxoooooxxoxxxooxoxoxxxo
xxooooxxooxxxxxxooxoxoxoxoxooxxoxooxxoxxxooxxxooxooxoooxxxooxxxxoxxoxooxxxxxxooxxoxoxxoxoxooxooooooo
oxoxoooxxxoooxooooxooxoooxoxxoooxoooooooooooxxxxoxoxxoxoxxooxoxoooxxxxxooooxooxxoooxxxoxxxxxxxxxxxxx
xxxxxxooooxxoxoooxoxxxoooxooxxxooxoxxooxxxooxxoooxoooxoxxooxxooxxxoooxxooooxoxooxoxoxxxxooxoxoxxxxxx
oxxoxxoooxxoxxxooxooxxxxxoxooxxxoxxxxoxxoxoooxxxxxxoxxoxxoxoxxxxoooxxoxxxooxoxoooooooooooooooooooooo
xoxoooooooxoxxoxooooxxoxxxxooooxoxooxoxxoxoxoxoxooxxoxxoooxxoxooxooxooooxxoxxooxoxxxoxxxxxxxxxxxxxxo
xoooxxoooooxxoooxoxoxooxoxooxoxxxxoxxooxooxxxoxxooooxxoxxoxxxoxxooxxoxxoxooxooxxoxoxxooxxxooxxoxxxox
xoooxxxxoxooxxooxooxxxxooxxooxoxxoooxoxoxxoxooxxxxxxxxoxooooxoooxooxxxoxoxxxxxxxoxxooooooooooooooooo
oxoxxooooxxxxxooxxooooxxxooxxxxxoxooxoxxoooxooxxoxxooxoxoooxoxoxooooxooooxoxxxxxxoooxxxxoxoxxooooooo
xxxoxooooxoxxxxxooxooooxoxxoxooxxoxxoooxooooxoxoxxxoxooooooxoxooxxooxxoxoxxxxoooxxxoxooxxxoooxoxxxxx
xoooooxooxxooxooxoooxxxoxxoooxoxooooxoxxxxoooxxxoooxoxoxxooxooxoooxxoxooxooxooxxooxoxxxoxooxxxxxxxxx
oxxooxxoxoooxxxxoxxxoxxoxooxooxxoxoooxoooxxxooxoxxooxooxxoxxooxooxxoxxooxxoxoxxoooooxxooxoxxoxoxxxxo
xxxoxxoxoxooxxxoooxxxxxooxoxxoxxoooooxxxoooxxxxoxxxxxxxxxxoxxoooxoxoxoxxoxoxoxooxxooxoooooooooxooooo
xoxxoxxxoxooooxxoooxoxoxxooxoxxoxooxoooxxxxxoooxxxooxoxoxoooooxxxxxoxxxxoxxxoxxxxoooxooooooooxxxxxxx
ooxxoooxoxoxxxoxoooxxxoooooxxooxoxxoxxoooxooxooxoxoxoxxoxoooooxooxoooxoxoxxxoxoxoxxxxxxxxxxxoxxxxxxx
xooxxxxxoxoooxooxoxoxoooxxoxoooxoxxxoxxoxoxoxoxoxxxoxxooxxooooooxxxoxoxooooxooxooxoxoxoxxoooxoxxxxxo
oxxxooxxxoxoxxxoxxooxxxooxoooooxooxooxxxooxoxooxxxoooxxoooxxxxxooxooooooxxxoxxooxxxxxoxxxxxxxxoxxxxx
ooxxxxxxoxxxxxooooxxoooxoxxxooxxoxxooooxxxoxxxooxxoxxxoxxooooooxooooxxooooxxoooxooooxooooxxxoxxxxxxx
ooooxxxxxxxoooxoxxxoxooxxoooooxooxoxoxoxoxooooooxxooxxxxooxoxxoxxooxooxxoxxxxooooxxoxxxooooooooxoooo
xxxoxoxooxoxoxxxoxxooooxoxoxoxxxxxoooxxoxxxooxoxoxxooxoxoxooxooxooxoxxoxoxxoooxxxooxoxoxxxooooooxooo
oxxoooxoxxoxooxxooxoxoxxoxoooxxxoxxxxxxooooxxoxoxoxxxxxooooxxoxooooxxooxxxxxoxxooooxoxoxoxxxxooooxoo
xxoxxxoxooooxxoooxxoxxxxxxxooxxoxxoxooooxxooxoxooxxooxoxxxoxoxxoxooxoxxoxoooxoxxooxooxxoooxooxoooxxx
xoooxxooxoooxoxxxoxxooxooxoxxoooxoxoxxoooxxoxxooxoxoxxxxxxxxoooooxxoooxxxoxoxxoxooooooxxoxxxxxxxxoxx
oxxoooxxooxxoooxooxooxoxxxxoxxoxxxoooxxooxxoooooxooxooxoxooxoxxxooooxoxoooooxxoxoxoxxxxxxxxxxxxxxoxx
xooxoxxxoxxoxxoxoxoxooxoooxooxoooooxxxxxxooooxoxoxoxoxxxxoxoxooxxxooxoxxxxoxxooxxooxxoooxxoooxoxoxoo
oxxxxxooooooxooxxxxxoxoxxxoooxoxxxxxxxoxxxoxoooxoooxooxooxxxxxoxoxxxoxoxxxoxooxooxxoooooooooooxooooo
oxxooooxooxooxxooxxoooooxoxxooooxoxooxxooooxxxooooxooxoxxxoxxooooooooooxxxxxxxxxxxxxxoxxxxxxxxxxxxox
xoxxxooxxooooooxoxoxxoxxooxxxoxxxoxoxoxooxoxoxoxxxoooxoxxxoxxxoxxoxoxoxxxoxxoxoooxxxxxoooxoooxoxoxxx
xooxxoxooxoxooooxxoooxxxxxxooxooxoxoxoooxoxxxxxoxooooxxxxxxooxxxxoxxooxoxxoxoooxoxxxoxooxoxxoxooooox
oxxxoxoxxxxoxxxxooooxooxooxoxoxxooxxoxoxxoxxoxxooooxoxoxxxooooxoxxooxxxxoooxoxxxoxxxxxxoxxoxooooooox
xoxxxxxooxxxooxoxoxxxoxxooxxxooooxxxoxxxxoooxxoxoxxxxxxoooxxxxooxxoxoooxxxxxoooooxoxxxoxoooooooooooo
oxoxxooxxoxoooooooxoxxoxxoooxooooooxoxoxxxxxxooxxoxooxooxoooxxxxxoxxxoooooooxxxooxooxoxooxxxxxxoxxxx
oxxxxooxxoxxoxxooxxxooxxxoxooxxoxoooxoxooooxxxxoooxoxxxxxxoooxoxoxoxxoxxxxxxxoooxooooooooooooooooooo
oxxxxooxxooxxxxoxoxxooxoooxoxxoooxxxooxxxooxoxxxooxxxoxxxoxooxoxooxxxxxoxooxxxoxoooooxoooooooooxoooo
ooxxoxxoxxooxoxxooxoxxxxxooxxxoooxooxxooxxxxooooxxoxxoooxoxooxooxxooxoxxoxoooxoxoxoxoxoxooooxxxxoxxx
oxooxxxxxooxxxooxxxxoxxoxxxoooooooxxxoooooooxoxoxxoooxxxoxxxoxxxooxxoxxxoxooxxoxxoooooxoxxoxoxxxoooo
oxxxxoxooxxoooooxoooxxxoooxxoxxxxoooxxxxxxoxooxxoxxxxxooxxooxxooxoxoxxooxoxoxoxoxxoxooxoooooxxxxxxxx
oxoooxoxxoooxooxoxooxxoxxxoxxxooxxxxxxxoxoxxoxxooxoxxoooooxoxoxoooxxxoooooxxxoxxoooxxxoxooxooxoooxxx
xxxoxxxxxoxxxooxoxxxoxoxoxooooxxoooxxxoooxxxoxoxooxxxxoxooxxooooooxoooxxxxxooxoooxoxxxoooooooooooxoo
xoxxxxxxxooxooooooxxoxxxoxxxoxoooxoxxxooooxoooooxoxoooxoxxxxxoxoxooooooxxooooxoxxxxxoxoxoxoxxooooxoo
ooxoxxooxooooxxooooxoxxxxooxxoxooxooxoooxooxxoxxxoxxoxxoxxxoxoxxxoxooxooooxooxoxxooxxxxxxxxxxxxxxxxx
xxxxooxxoxooxxoxoxoxoxoxoxxoxoooxxxxooxoxoxxooooxooxxxoxoxxooxoooooxoxoxoxoxooxooxxxxxxxoxoooxoooxxx
xxoxoooooxxxxxoxoxooxxxxoxooxxxxxxxooxooooxxooxooxxooooooxxoooxoxxoooxxoxxxxxooxooxoooxooxxxoxxxxxxx
xxxooxxooxoxoxoxxoooxooooxoxooxooxoxxooooooxooxxoooxoooxooooxooxxoxoxxoxxxxxxxxxxxxxoxxxxxoxxxxoxoxx
oxoxoxoxoxoxxoxooxoxooxoxoxxooxoxoooxooxxoxoxoxxoxoxxooxoxxooxxoxoxooooxxoxoooxxoooxxoxxxxxxxxxxxxxo
xxxxoxxxoxxxxooxooxxxxxxooxxxoxxoxxoxxxxxxooooxxxoxoxoxooxxxxoxoxoooxxoooooooooooooooooooooooooooooo
ooxxooooooxooxxoooooxoooxxxxooxxxoxxxooooxxxxxoooooxooooxoxoxxoxxoxxooooxoxooxoxooxxooxoxxxoxxoxxxxx
xooxoxooxxoxooxxxxxxoxxoooxxxoooxxxooxxoxooooxxxoxxooxoxxoxoxxxooooxoxoooxoxoxoxxoxooxooooxxxxoxxoxx
oxxooooxxxxooxoxxxooxxoxoxoxxooooxxooxooxxxooooxxoxxooxoxoxxxoooxxooxoooxxxoooxxxoxxoxxoxxooooxooxoo
xxoxoxooxoxoxooxoxoxxoxoooxoxooxooxoxoxxoxooxxxxxoxxoooxoxxxooooxxxxooxxxxxxoxoxooooxooooxoxxxxxoxxx
xxooxxoxoooxxoooxxoxoxxoxoooxoxoxooooooxxxxxxxxooxooxoxooxxooxxooxxxooxoxxooxxoxoxoxooxooxoxoxxooxxo
oxoooxxxxxooxooxoxooxxoxoxoxxoxxxxxoooxooxoxxxxoxoxoxoooxooxxxoooooxxxoxooxooxxxxooxxoooxooooooooooo
xooxoxooxoxoxxoxoooxxxooxxoxoooxoooxxxoxoxooxooxoxxoooxxoxxoxxooxoxooxxoxxoxooxoxoxoxoxoooxoxxxxooxx
xoxooooxoxoxoxxoxoxooxxxxoxxoxxoxooxooooxxxooooxoxooxxxoxxxoooxxxoxxoxooxxoxoxxxoooooxxxxxxxxoxxoxox
xoxooxoooxxoxoxooooxooxxxxooxoxxxxxxxxxoxxoxoxoxxoooxxxoxxxoxxoxxxxoxoxoooooooooooooooooxooooooooooo
xoxoooxxxxxxoxxoxoxxoxxoxxoxooxxoxooxoxxoxxoxxooxoxxoxoxoxoooxoxxoxoxoxooxxooxoooxxxoxxooooooxoxoxoo
oxxoxxxooxxooxoooxxoxoxxxoxooxxoxooxoxxxoooxooxxxxxoxxxooxxoxxxxoxxxoxxoxooxxooxoxxxxoooooxxxooxoooo
xoxxxoxoxxoooooxxoxoooooxooxxoxoxxoxxxxooxxxxoooxoxxxxooxxoooxxoooxxooxxoxoxxxxxxooooxoooxoooooooooo
xxooxxxxooxxxoooxooxxxooxooxxoxoxoxxxxxooooxoooxoxoxxxxxxxoxxxoooxxooxoooxoooooxxxoxoooooooooooxoooo
xoxoxooxxxoooxxoooxoxxoxxxxxoooxooxoxxooooxxxxxxoxxoooxoxxooxxxoxoxxoxoooxxxxxooxxooooooxoxoxoxooooo
