ooooxxxoxx
xoxxxooxxx
xxoooooooo
ooxoxxoooo
oxoxxxxxxo
xoxooxoooo
xoxoooxxxx
oxxxxxoxoo
xooxoxoooo
xxoooxoxox
oooxxxxxxx
ooxxxxxooo
xoooxxoooo
oooxooxxxx
xxooxxoooo
oooxxoxoxx
xoxooxxoxx
xxxooxooxx
xoxxxoxooo
xxoxxoxxoo
ooxxxxooxo
oxoooooooo
oxoxxxoooo
oxoxxoxxoo
xooxoxoxxo
oxoooxoxxx
oxxxxxooxo
xoxxoooxoo
oxxoxoooxx
oxoxxxxxxx
oxxxoxooox
xooooxoxoo
xxoxxoooxx
ooxoxooxxx
oxxooxooxx
xxxoxoooxx
xxooxxooxx
xxooxoxxoo
oxooxxxxxx
oxooxxxxxo
oooooxxoxx
xxxoxoxoox
ooxoxoxoxx
oxoooxxooo
oooxoxxxxx
xxxooooxxx
xoxxoooxox
oxxooxxxoo
xxxoooooxx
ooxxoooxxo
xxxoooxxox
xoxoooxxxx
oxxooooxxo
xxoxxoooox
ooooxxoxox
ooxoxxxxxx
oxxooxooxx
oxxxxooooo
ooxooooxxx
xooooxxxxx
ooxoxooxoo
oxxoooxoxx
xoxxxxxxxx
oxxoxooooo
xooxxooxxo
xoxxxooxoo
xoxxxoooxx
oxooxxxoox
oooxoxoxoo
xoxooxoxxx
ooxooxxxxx
xooxxooxxx
xxxxoxoooo
xooxoxxxxx
xoxxxxxooo
oooxxxxxxx
ooxoooxoxx
ooxxxxxoox
oxxoxoxoxo
xooxxoxoxx
xxxxoooooo
oxoooxoxxx
ooxoooxxoo
xxxxoooxxx
oooxoxooxx
oxoxoxoxxx
xoxxoooxoo
ooxoxoxxxx
xxxoooxxxx
oxxooxxoxo
oxxxooxoxx
xooxoooxxx
oxooxoxxxx
ooooxooxxx
xxoooxxoox
xooxxxxxxx
xxoooooxoo
xxxoxooxxx
xxxoxoxoox
xooooxxxox
xooxooxxxx
xxoooxoooo
xoooooxxxo
xoxooxxoxx
xoxooxoxoo
ooooxoxxxx
ooooxoxxxx
xxxoxxooxx
oxoxoxoooo
oxoooxxxxx
ooxxxooxxo
ooooxxxooo
xxxoooxxoo
xoooxoxxoo
oxxoxxxoxo
xxoxxxoooo
xxxooooooo
xooxooxxoo
ooooxxxxoo
oxxooxoxox
ooxxxooxox
xoxoxoxoox
xxoxooxooo
oooxxoxoxo
oxxoxxxooo
xoooooxxxx
ooxxxxxooo
oxoxoxxxoo
xoxoxxoooo
ooxxxxxxxx
oxxoxoxoxx
oxxxoooooo
xoxxxxoooo
xxooxxxxxo
xxoxxxooox
oooooxxxxo
xoxooxxooo
oxooxxoxxx
xxxxxoooox
ooxooxxooo
oxooxxxxxx
xooxxooooo
xxxxooooxo
ooooxoxxxx
xoxxxooxox
ooxxxooooo
xxoooxoooo
oxxxoxoxoo
oooxxoxxxx
oxxxoooxxx
oooxooxoxx
xxxxxoxoox
xoxooxxxxx
xxooooxoxo
xooooooxxx
xoxoxxoooo
xooxoxxxxx
oxoxoxooxx
oxxxxoxoxx
oooxxxxooo
xoooxxooox
oxxoxxxxxx
xxoxxxxooo
xoxooxxxxx
ooxxooxxoo
xxoooxoooo
xxxxxxooxo
ooxoxxoxoo
xoooxoxooo
ooxoxoxoxx
oxooxxxoxx
oooxoxxxxx
xooxoooooo
xoxoxxxxxx
ooxxxxxxxx
xxxooooooo
ooxxxxooxo
xooooxxxxx
xoxoxooxxx
xxooxoxxxx
oxoxoxoxox
xxoxooooxx
oxoooxxxxx
oxxxoooxox
xoxxoooooo
oooxxxoooo
oxxoxxoxoo
xoxxxooxxx
oxxoxxoooo
oxxoxxxooo
oxxooooxxx
ooxooxoxxo
oxooxooooo
xoxoxxxxxx
xxxxooooox
oxxoxxoxox
ooooxoxxxo
xoooxxooxx
xxoxxooxoo
oxooxxoxoo
oxxxooxxxx
xooooxxooo
xxxxoooooo
xoxooxoxxx
xooxoxxxxx
oxooxxooxx
xoxoxxoooo
xooxoxxxxx
oxoxoooxxx
oxooooxxxo
oxxxooxxoo
xooooxxxxo
xoxxoxooxx
oxoxoxoxxo
xxooxxoooo
xxxoxoooxx
oxoxxxoooo
ooooooxxxx
oooxxxooxo
ooooxxxxxx
ooxooxxxxx
xoxxoooooo
oxxoooxxxx
ooxxoooooo
oxooxxoxxx
xxxooxxooo
xoxxoooxox
xooxoxxxxx
xxoooxxooo
oxxxxxooxx
xxoxxooooo
oooxxoxooo
xoooxxxxxx
oxoxxooxxx
xoooxoxxoo
xxoxxoxooo
xoxxxoxoxo
ooxxoxooox
xooxxxxooo
xoxoxxxxoo
oxxooxooox
oxoxxxxooo
ooxooxxoxx
oxoxxoooxx
oxxxooxxxx
ooxxxooooo
xoooxoxooo
xoxoxxooxx
xoxxoooxxx
xooxxoooox
xoxoxooxxx
oxooxoxxxx
oooxxxxoxx
oxoxoxxooo
oxxxoooooo
oooxoxxxxx
oooxxxxxxx
oxooooxoxx
ooxoxooooo
xooxoxxxxx
oxoxooxoxo
xoxoxxoooo
oxxxoxxooo
xoxoxxoooo
xoxxxooxxo
xxxooxxooo
ooooxxoxxx
oxxooooooo
ooxxoxxxxx
oxooxxoxoo
oxxoooxxxx
xoxxooxxoo
xxooooooxx
oxoooxxoxx
xoxooxoxxo
xoxxoxxxxx
xxoooooooo
ooxoxoxooo
oooxxxxxxx
xoxoooxxxo
xoxxoxoooo
oxxoooxxxx
ooxoooxxxo
oxxooxxxxx
oooooxxxox
xoxxxooooo
oxxoxxxxxx
oxxoooooxx
ooooooxxxx
xoooxoxxxx
oxxooxoxxx
oxooxxxooo
xxoxxooooo
oxxoxooxxx
oxoxooxxxx
xoxoooxoxx
xoxxxoxoxx
xxxxxooooo
xxooxxooxx
xxoooooooo
ooxxxxoooo
xxxooxxooo
xooooxxxxx
xoxxxooooo
ooxoxoxooo
oxxoxxooxo
ooooxxxxxo
xxoooooooo
xxooxxxxox
ooxxxxxxoo
xxoxoooooo
xxoxoooxoo
ooxoxxoxxo
xoxxxxoooo
oooxooxxox
oooooxxxxo
xxoxxxooxx
oxooxoxxoo
xxxooooooo
xooooxxxxx
xooxoooxxx
xooxoxxoox
ooxoooxxxx
ooxxooooxx
oxxooxoxxx
ooxooxxxxx
xxxooxoxoo
oxoxxooooo
ooooxxxoxx
xooxxxxxxx
ooxooxoxxo
xxooxoxoxo
xxoxxoxooo
oxxoxoooxx
oxooxxoooo
oooxoxxxox
xxoxooooxx
xxoxooxooo
xoxxoooxxx
ooxxxoxooo
oxxoxxoxxx
oxoxxoxxxx
ooooooxoxx
oxxxxooooo
xoooxoooxo
oxxxxxxoox
xxooooxoxx
oxxooxoooo
ooxxxxxxxx
ooxoxoxxxo
xxxoooooxo
xxoxoooxxo
ooxxxxoooo
ooxxoxxxxx
xxoxoxxooo
xxoxoooooo
xooooxxxxx
xxxoxoxxxx
ooxxxooooo
ooxoxxoxox
oxoxxxxooo
ooxoxoxxoo
ooxooxxxxx
oxxooxoxxo
xxxooxooxo
ooxooxoxxx
oxooxxoxxx
ooxxxxoxoo
xxxoooooox
oxooxxxoox
xoxooxxoxx
xxoxxooooo
xxoooxoxoo
xoxxxoooxx
xoxooxxxox
xoooxoxxox
xxooxoxooo
xxoooxxxox
xoooooxxoo
oxxoooxxxo
xxoxoxxoox
ooxoxoxoxo
xooxooxoox
oxoxxooxxo
oxooxxoxxx
ooxooxxxox
ooxxxxoooo
xxxooooooo
xxoooxoxxx
xoxxoxoxxx
oxxoooooxx
oxoxxxoxoo
xooxxoxxxx
xxxoooxoxo
oooxoxxxoo
oxxxoxoooo
ooooxoxoxx
xxxooooooo
oooxxxxoxo
oxooxxxxoo
xxoooxxxxx
oxxoxxxoxo
ooxxxooxoo
ooooxxxxxx
oxxxxoxxoo
xooxoxooox
xxxoooxoxx
xxoxooxoxx
ooxxooxxxo
oxoxoxxooo
xxooxxoxoo
oxxxxxoooo
ooxxxooooo
xxoxoooxxo
xoxoxooxxx
oxxoxxxxoo
xoxooooooo
ooxooooxxx
oxooxxxxxx
xxooxoxoox
xooxxxxooo
xxxxxoooxx
xxoooxxoox
oxxoxooooo
xxoooxoooo
xxxooxxoox
xoooxxxxxx
xxoxoxoooo
xoxooxooxo
xooxxxooox
ooxooxxxxx
xoooooxxxx
oxxxxooooo
xoooxxxxxx
xxxxoooooo
ooxooxxxox
xxxooxoooo
xoxooooxxx
oxxxxoooxo
ooxooxxoxx
xxxoxoooxx
oxxxxooxxo
xooxxxxooo
xoooxooooo
oxxxoxxxoo
xooooxxxxx
xoooxoxoxx
oxooxoxoxx
ooxxxxoxxx
oxxxoooxoo
xxxooxxxoo
xxoooxoooo
oxxxxooxoo
oxooxoxxxx
ooxxoxooxx
xxxxoooxoo
ooxxoxxxxx
oxxxxxoooo
xooooooxxo
xxoxxxooxx
xoxxooxxox
xxoooxxooo
ooxoxoxxoo
oxoxxoxxxx
xoxooooxxo
xooxoxoxxx
xxxxxxoooo
ooxooxxxxx
xoxoxoxxxx
oxxxxxoooo
oxxoxxxooo
xooxxxooxx
ooxooxxxoo
oxoxxooooo
oxoxxoxooo
xoxooxxxxx
xxooxoooxx
ooxxxoxxxx
oooxoxoxxx
ooxxxooooo
oxoxooxxxo
oxxooxxxox
xoxxoooooo
xoooxoxoxx
xxxooxxoxo
ooooooxxox
oxoxxxxoox
oooxooxoxx
xxxoxxooxx
xooxxoxooo
ooxooxooxx
xxoxxoxoox
xoxooooxxx
oxxxxoooox
oxoxxoooxx
oooxxoxxxx
ooxxxxoooo
oxxxooxoxx
oxooxoxoxx
oxxooxoxxx
